###############################################################################
#
# IAR ELF Linker V8.30.2.160/W32 for ARM                  17/Jan/2021  15:15:42
# Copyright 2007-2018 IAR Systems AB.
#
#    Output file  =  
#        D:\Project\NUVOTON\Project_Treadmill_Central\sport1\Project\Debug\Exe\treadmill_central.out
#    Map file     =  
#        D:\Project\NUVOTON\Project_Treadmill_Central\sport1\Project\Debug\List\treadmill_central.map
#    Command line =  
#        -f C:\Users\vuvan\AppData\Local\Temp\EW75E6.tmp
#        (D:\Project\NUVOTON\Project_Treadmill_Central\sport1\Project\Debug\Obj\adc.o
#        D:\Project\NUVOTON\Project_Treadmill_Central\sport1\Project\Debug\Obj\appbluetooth_main.o
#        D:\Project\NUVOTON\Project_Treadmill_Central\sport1\Project\Debug\Obj\bluetooth.o
#        D:\Project\NUVOTON\Project_Treadmill_Central\sport1\Project\Debug\Obj\clock.o
#        D:\Project\NUVOTON\Project_Treadmill_Central\sport1\Project\Debug\Obj\debug.o
#        D:\Project\NUVOTON\Project_Treadmill_Central\sport1\Project\Debug\Obj\delay.o
#        D:\Project\NUVOTON\Project_Treadmill_Central\sport1\Project\Debug\Obj\i2c.o
#        D:\Project\NUVOTON\Project_Treadmill_Central\sport1\Project\Debug\Obj\lcd.o
#        D:\Project\NUVOTON\Project_Treadmill_Central\sport1\Project\Debug\Obj\main.o
#        D:\Project\NUVOTON\Project_Treadmill_Central\sport1\Project\Debug\Obj\misc.o
#        D:\Project\NUVOTON\Project_Treadmill_Central\sport1\Project\Debug\Obj\nvic.o
#        D:\Project\NUVOTON\Project_Treadmill_Central\sport1\Project\Debug\Obj\power.o
#        D:\Project\NUVOTON\Project_Treadmill_Central\sport1\Project\Debug\Obj\power_main.o
#        D:\Project\NUVOTON\Project_Treadmill_Central\sport1\Project\Debug\Obj\queue.o
#        D:\Project\NUVOTON\Project_Treadmill_Central\sport1\Project\Debug\Obj\softuart.o
#        D:\Project\NUVOTON\Project_Treadmill_Central\sport1\Project\Debug\Obj\spi.o
#        D:\Project\NUVOTON\Project_Treadmill_Central\sport1\Project\Debug\Obj\startup_stm32f10x_md.o
#        D:\Project\NUVOTON\Project_Treadmill_Central\sport1\Project\Debug\Obj\stm32f10x_adc.o
#        D:\Project\NUVOTON\Project_Treadmill_Central\sport1\Project\Debug\Obj\stm32f10x_bkp.o
#        D:\Project\NUVOTON\Project_Treadmill_Central\sport1\Project\Debug\Obj\stm32f10x_can.o
#        D:\Project\NUVOTON\Project_Treadmill_Central\sport1\Project\Debug\Obj\stm32f10x_cec.o
#        D:\Project\NUVOTON\Project_Treadmill_Central\sport1\Project\Debug\Obj\stm32f10x_crc.o
#        D:\Project\NUVOTON\Project_Treadmill_Central\sport1\Project\Debug\Obj\stm32f10x_dac.o
#        D:\Project\NUVOTON\Project_Treadmill_Central\sport1\Project\Debug\Obj\stm32f10x_dbgmcu.o
#        D:\Project\NUVOTON\Project_Treadmill_Central\sport1\Project\Debug\Obj\stm32f10x_dma.o
#        D:\Project\NUVOTON\Project_Treadmill_Central\sport1\Project\Debug\Obj\stm32f10x_exti.o
#        D:\Project\NUVOTON\Project_Treadmill_Central\sport1\Project\Debug\Obj\stm32f10x_flash.o
#        D:\Project\NUVOTON\Project_Treadmill_Central\sport1\Project\Debug\Obj\stm32f10x_fsmc.o
#        D:\Project\NUVOTON\Project_Treadmill_Central\sport1\Project\Debug\Obj\stm32f10x_gpio.o
#        D:\Project\NUVOTON\Project_Treadmill_Central\sport1\Project\Debug\Obj\stm32f10x_i2c.o
#        D:\Project\NUVOTON\Project_Treadmill_Central\sport1\Project\Debug\Obj\stm32f10x_it.o
#        D:\Project\NUVOTON\Project_Treadmill_Central\sport1\Project\Debug\Obj\stm32f10x_iwdg.o
#        D:\Project\NUVOTON\Project_Treadmill_Central\sport1\Project\Debug\Obj\stm32f10x_pwr.o
#        D:\Project\NUVOTON\Project_Treadmill_Central\sport1\Project\Debug\Obj\stm32f10x_rcc.o
#        D:\Project\NUVOTON\Project_Treadmill_Central\sport1\Project\Debug\Obj\stm32f10x_rtc.o
#        D:\Project\NUVOTON\Project_Treadmill_Central\sport1\Project\Debug\Obj\stm32f10x_sdio.o
#        D:\Project\NUVOTON\Project_Treadmill_Central\sport1\Project\Debug\Obj\stm32f10x_spi.o
#        D:\Project\NUVOTON\Project_Treadmill_Central\sport1\Project\Debug\Obj\stm32f10x_tim.o
#        D:\Project\NUVOTON\Project_Treadmill_Central\sport1\Project\Debug\Obj\stm32f10x_usart.o
#        D:\Project\NUVOTON\Project_Treadmill_Central\sport1\Project\Debug\Obj\stm32f10x_wwdg.o
#        D:\Project\NUVOTON\Project_Treadmill_Central\sport1\Project\Debug\Obj\system_stm32f10x.o
#        D:\Project\NUVOTON\Project_Treadmill_Central\sport1\Project\Debug\Obj\systick.o
#        D:\Project\NUVOTON\Project_Treadmill_Central\sport1\Project\Debug\Obj\touch.o
#        D:\Project\NUVOTON\Project_Treadmill_Central\sport1\Project\Debug\Obj\uart.o
#        D:\Project\NUVOTON\Project_Treadmill_Central\sport1\Project\Debug\Obj\xor.o
#        --no_out_extension -o
#        D:\Project\NUVOTON\Project_Treadmill_Central\sport1\Project\Debug\Exe\treadmill_central.out
#        --map
#        D:\Project\NUVOTON\Project_Treadmill_Central\sport1\Project\Debug\List\treadmill_central.map
#        --config "C:\Program Files (x86)\IAR Systems\Embedded Workbench
#        8.1_2\arm\config\linker\ST\stm32f103x8.icf" --semihosting --entry
#        __iar_program_start --vfe --text_out locale)
#
###############################################################################

*******************************************************************************
*** RUNTIME MODEL ATTRIBUTES
***

CppFlavor       = *
__SystemLibrary = DLib
__dlib_version  = 6


*******************************************************************************
*** HEAP SELECTION
***

The basic heap was selected because no calls to memory allocation
functions were found in the application outside of system library
functions, and there are calls to deallocation functions in the
application.


*******************************************************************************
*** PLACEMENT SUMMARY
***

"A0":  place at 0x800'0000 { ro section .intvec };
"P1":  place in [from 0x800'0000 to 0x800'ffff] { ro };
define block CSTACK with size = 2K, alignment = 8 { };
define block HEAP with size = 2K, alignment = 8 { };
"P2":  place in [from 0x2000'0000 to 0x2000'4fff] {
          rw, block CSTACK, block HEAP };
initialize by copy { rw };

  Section            Kind         Address   Size  Object
  -------            ----         -------   ----  ------
"A0":                                       0xec
  .intvec            ro code   0x800'0000   0xec  startup_stm32f10x_md.o [1]
                             - 0x800'00ec   0xec

"P1":                                      0xfac
  .text              ro code   0x800'00ec  0x1ba  stm32f10x_usart.o [1]
  .text              ro code   0x800'02a6   0x3a  zero_init3.o [3]
  .text              ro code   0x800'02e0  0x110  stm32f10x_rcc.o [1]
  .text              ro code   0x800'03f0  0x164  softuart.o [1]
  .text              ro code   0x800'0554   0xcc  stm32f10x_gpio.o [1]
  .text              ro code   0x800'0620  0x11c  stm32f10x_tim.o [1]
  .text              ro code   0x800'073c  0x152  uart.o [1]
  .text              ro code   0x800'0890  0x118  system_stm32f10x.o [1]
  .text              ro code   0x800'09a8  0x114  systick.o [1]
  .text              ro code   0x800'0abc   0xa6  ABImemcpy.o [3]
  .text              ro code   0x800'0b64   0x94  bluetooth.o [1]
  .text              ro code   0x800'0bf8   0x7e  queue.o [1]
  .text              ro code   0x800'0c76   0x26  xor.o [1]
  .text              ro code   0x800'0c9c    0xc  memcpy.o [3]
  .text              ro code   0x800'0ca8   0x94  power.o [1]
  .text              ro code   0x800'0d3c   0x88  stm32f10x_it.o [1]
  .text              ro code   0x800'0dc4   0x80  misc.o [1]
  .text              ro code   0x800'0e44   0x54  nvic.o [1]
  .text              ro code   0x800'0e98   0x34  main.o [1]
  .text              ro code   0x800'0ecc   0x2c  copy_init3.o [3]
  .text              ro code   0x800'0ef8   0x28  data_init.o [3]
  .iar.init_table    const     0x800'0f20   0x24  - Linker created -
  Initializer bytes  const     0x800'0f44   0x20  <for P2-1>
  .text              ro code   0x800'0f64   0x1e  cmain.o [3]
  .text              ro code   0x800'0f82    0x4  low_level_init.o [2]
  .text              ro code   0x800'0f86    0x4  exit.o [2]
  .text              ro code   0x800'0f8c    0xa  cexit.o [3]
  .text              ro code   0x800'0f98   0x14  exit.o [4]
  .text              ro code   0x800'0fac   0x10  startup_stm32f10x_md.o [1]
  .text              ro code   0x800'0fbc    0xc  cstartup_M.o [3]
  .text              ro code   0x800'0fc8    0x4  startup_stm32f10x_md.o [1]
  .text              ro code   0x800'0fcc    0x4  startup_stm32f10x_md.o [1]
  .text              ro code   0x800'0fd0    0x4  startup_stm32f10x_md.o [1]
  .text              ro code   0x800'0fd4    0x4  startup_stm32f10x_md.o [1]
  .text              ro code   0x800'0fd8    0x4  startup_stm32f10x_md.o [1]
  .text              ro code   0x800'0fdc    0x4  startup_stm32f10x_md.o [1]
  .text              ro code   0x800'0fe0    0x4  startup_stm32f10x_md.o [1]
  .text              ro code   0x800'0fe4    0x4  startup_stm32f10x_md.o [1]
  .text              ro code   0x800'0fe8    0x4  startup_stm32f10x_md.o [1]
  .text              ro code   0x800'0fec    0x4  startup_stm32f10x_md.o [1]
  .text              ro code   0x800'0ff0    0x4  startup_stm32f10x_md.o [1]
  .text              ro code   0x800'0ff4    0x4  startup_stm32f10x_md.o [1]
  .text              ro code   0x800'0ff8    0x4  startup_stm32f10x_md.o [1]
  .text              ro code   0x800'0ffc    0x4  startup_stm32f10x_md.o [1]
  .text              ro code   0x800'1000    0x4  startup_stm32f10x_md.o [1]
  .text              ro code   0x800'1004    0x4  startup_stm32f10x_md.o [1]
  .text              ro code   0x800'1008    0x4  startup_stm32f10x_md.o [1]
  .text              ro code   0x800'100c    0x4  startup_stm32f10x_md.o [1]
  .text              ro code   0x800'1010    0x4  startup_stm32f10x_md.o [1]
  .text              ro code   0x800'1014    0x4  startup_stm32f10x_md.o [1]
  .text              ro code   0x800'1018    0x4  startup_stm32f10x_md.o [1]
  .text              ro code   0x800'101c    0x4  startup_stm32f10x_md.o [1]
  .text              ro code   0x800'1020    0x4  startup_stm32f10x_md.o [1]
  .text              ro code   0x800'1024    0x4  startup_stm32f10x_md.o [1]
  .text              ro code   0x800'1028    0x4  startup_stm32f10x_md.o [1]
  .text              ro code   0x800'102c    0x4  startup_stm32f10x_md.o [1]
  .text              ro code   0x800'1030    0x4  startup_stm32f10x_md.o [1]
  .text              ro code   0x800'1034    0x4  startup_stm32f10x_md.o [1]
  .text              ro code   0x800'1038    0x4  startup_stm32f10x_md.o [1]
  .text              ro code   0x800'103c    0x4  startup_stm32f10x_md.o [1]
  .text              ro code   0x800'1040    0x4  startup_stm32f10x_md.o [1]
  .text              ro code   0x800'1044    0x4  startup_stm32f10x_md.o [1]
  .text              ro code   0x800'1048    0x4  startup_stm32f10x_md.o [1]
  .text              ro code   0x800'104c    0x4  startup_stm32f10x_md.o [1]
  .text              ro code   0x800'1050    0x4  startup_stm32f10x_md.o [1]
  .text              ro code   0x800'1054    0x4  startup_stm32f10x_md.o [1]
  .text              ro code   0x800'1058    0x4  startup_stm32f10x_md.o [1]
  .text              ro code   0x800'105c    0x4  startup_stm32f10x_md.o [1]
  .text              ro code   0x800'1060    0x4  startup_stm32f10x_md.o [1]
  .text              ro code   0x800'1064    0x4  startup_stm32f10x_md.o [1]
  .text              ro code   0x800'1068    0x4  startup_stm32f10x_md.o [1]
  .text              ro code   0x800'106c    0x4  startup_stm32f10x_md.o [1]
  .text              ro code   0x800'1070    0x4  startup_stm32f10x_md.o [1]
  .text              ro code   0x800'1074    0x4  startup_stm32f10x_md.o [1]
  .text              ro code   0x800'1078    0x4  startup_stm32f10x_md.o [1]
  .text              ro code   0x800'107c    0x4  startup_stm32f10x_md.o [1]
  .text              ro code   0x800'1080    0x4  startup_stm32f10x_md.o [1]
  .text              ro code   0x800'1084    0x4  startup_stm32f10x_md.o [1]
  .text              ro code   0x800'1088    0x4  startup_stm32f10x_md.o [1]
  .text              ro code   0x800'108c    0x4  startup_stm32f10x_md.o [1]
  .text              ro code   0x800'1090    0x4  startup_stm32f10x_md.o [1]
  .text              ro code   0x800'1094    0x4  startup_stm32f10x_md.o [1]
  .rodata            const     0x800'1098    0x0  zero_init3.o [3]
  .rodata            const     0x800'1098    0x0  copy_init3.o [3]
                             - 0x800'1098  0xfac

"P2", part 1 of 3:                          0x20
  P2-1                        0x2000'0000   0x20  <Init block>
    .data            inited   0x2000'0000    0x8  main.o [1]
    .data            inited   0x2000'0008   0x10  stm32f10x_rcc.o [1]
    .data            inited   0x2000'0018    0x4  stm32f10x_rcc.o [1]
    .data            inited   0x2000'001c    0x4  system_stm32f10x.o [1]
                            - 0x2000'0020   0x20

"P2", part 2 of 3:                          0x74
  .bss               zero     0x2000'0020   0x14  bluetooth.o [1]
  .bss               zero     0x2000'0034   0x14  power.o [1]
  .bss               zero     0x2000'0048    0xc  bluetooth.o [1]
  .bss               zero     0x2000'0054    0xc  bluetooth.o [1]
  .bss               zero     0x2000'0060    0xc  power.o [1]
  .bss               zero     0x2000'006c    0xc  power.o [1]
  .bss               zero     0x2000'0078    0x4  softuart.o [1]
  .bss               zero     0x2000'007c    0x4  systick.o [1]
  .bss               zero     0x2000'0080    0x4  systick.o [1]
  .bss               zero     0x2000'0084    0x4  systick.o [1]
  .bss               zero     0x2000'0088    0x4  uart.o [1]
  .bss               zero     0x2000'008c    0x4  uart.o [1]
  .bss               zero     0x2000'0090    0x1  bluetooth.o [1]
  .bss               zero     0x2000'0091    0x1  power.o [1]
                            - 0x2000'0092   0x72

"P2", part 3 of 3:                         0x800
  CSTACK                      0x2000'0098  0x800  <Block>
    CSTACK           uninit   0x2000'0098  0x800  <Block tail>
                            - 0x2000'0898  0x800

Unused ranges:

         From           To    Size
         ----           --    ----
   0x800'1098   0x800'ffff  0xef68
  0x2000'0094  0x2000'0097     0x4
  0x2000'0898  0x2000'4fff  0x4768


*******************************************************************************
*** INIT TABLE
***

          Address      Size
          -------      ----
Zero (__iar_zero_init3)
    1 destination range, total size 0x72:
          0x2000'0020  0x72

Copy (__iar_copy_init3)
    1 source range, total size 0x20:
           0x800'0f44  0x20
    1 destination range, total size 0x20:
          0x2000'0000  0x20



*******************************************************************************
*** MODULE SUMMARY
***

    Module                  ro code  ro data  rw data
    ------                  -------  -------  -------
command line/config:
    -------------------------------------------------
    Total:

D:\Project\NUVOTON\Project_Treadmill_Central\sport1\Project\Debug\Obj: [1]
    bluetooth.o                 148                45
    main.o                       52        8        8
    misc.o                      128
    nvic.o                       84
    power.o                     148                45
    queue.o                     126
    softuart.o                  356                 4
    startup_stm32f10x_md.o      460
    stm32f10x_gpio.o            204
    stm32f10x_it.o              136
    stm32f10x_rcc.o             272       20       20
    stm32f10x_tim.o             284
    stm32f10x_usart.o           442
    system_stm32f10x.o          280        4        4
    systick.o                   276                12
    uart.o                      338                 8
    xor.o                        38
    -------------------------------------------------
    Total:                    3 772       32      146

dl7M_tln.a: [2]
    exit.o                        4
    low_level_init.o              4
    -------------------------------------------------
    Total:                        8

rt7M_tl.a: [3]
    ABImemcpy.o                 166
    cexit.o                      10
    cmain.o                      30
    copy_init3.o                 44
    cstartup_M.o                 12
    data_init.o                  40
    memcpy.o                     12
    zero_init3.o                 58
    -------------------------------------------------
    Total:                      372

shb_l.a: [4]
    exit.o                       20
    -------------------------------------------------
    Total:                       20

    Gaps                          8
    Linker created                        36    2 048
-----------------------------------------------------
    Grand Total:              4 180       68    2 194


*******************************************************************************
*** ENTRY LIST
***

Entry                       Address  Size  Type      Object
-----                       -------  ----  ----      ------
.iar.init_table$$Base    0x800'0f20         --   Gb  - Linker created -
.iar.init_table$$Limit   0x800'0f44         --   Gb  - Linker created -
?main                    0x800'0f65        Code  Gb  cmain.o [3]
ADCPrescTable           0x2000'0018   0x4  Data  Lc  stm32f10x_rcc.o [1]
APBAHBPrescTable        0x2000'0008  0x10  Data  Lc  stm32f10x_rcc.o [1]
BLUETOOTH_CallBackHandle
                         0x800'0b95  0x4e  Code  Gb  bluetooth.o [1]
BLUETOOTH_CallBackHandle::revBuff
                        0x2000'0054   0xc  Data  Lc  bluetooth.o [1]
BLUETOOTH_CallBackHandle::revByteCount
                        0x2000'0090   0x1  Data  Lc  bluetooth.o [1]
BLUETOOTH_Init           0x800'0b65  0x30  Code  Gb  bluetooth.o [1]
BusFault_Handler         0x800'0d43   0x2  Code  Gb  stm32f10x_it.o [1]
CSTACK$$Base            0x2000'0098         --   Gb  - Linker created -
CSTACK$$Limit           0x2000'0898         --   Gb  - Linker created -
DebugMon_Handler         0x800'0d49   0x2  Code  Gb  stm32f10x_it.o [1]
EXTI0_IRQHandler         0x800'0d4d   0x2  Code  Gb  stm32f10x_it.o [1]
GPIO_Init                0x800'0555  0xc0  Code  Gb  stm32f10x_gpio.o [1]
GPIO_ResetBits           0x800'061b   0x6  Code  Gb  stm32f10x_gpio.o [1]
GPIO_SetBits             0x800'0615   0x6  Code  Gb  stm32f10x_gpio.o [1]
HardFault_Handler        0x800'0d3f   0x2  Code  Gb  stm32f10x_it.o [1]
MemManage_Handler        0x800'0d41   0x2  Code  Gb  stm32f10x_it.o [1]
NMI_Handler              0x800'0d3d   0x2  Code  Gb  stm32f10x_it.o [1]
NVIC_Config_Init         0x800'0e45  0x54  Code  Gb  nvic.o [1]
NVIC_Init                0x800'0dcf  0x60  Code  Gb  misc.o [1]
NVIC_PriorityGroupConfig
                         0x800'0dc5   0xa  Code  Gb  misc.o [1]
NVIC_SetPriority         0x800'09a9  0x24  Code  Lc  systick.o [1]
POWER_CallBackHandle     0x800'0cd9  0x4e  Code  Gb  power.o [1]
POWER_CallBackHandle::revBuff
                        0x2000'006c   0xc  Data  Lc  power.o [1]
POWER_CallBackHandle::revByteCount
                        0x2000'0091   0x1  Data  Lc  power.o [1]
POWER_Init               0x800'0ca9  0x30  Code  Gb  power.o [1]
PendSV_Handler           0x800'0d4b   0x2  Code  Gb  stm32f10x_it.o [1]
QUEUE_Count              0x800'0c73   0x4  Code  Gb  queue.o [1]
QUEUE_Init               0x800'0bf9  0x18  Code  Gb  queue.o [1]
QUEUE_Push               0x800'0c11  0x62  Code  Gb  queue.o [1]
RCC_APB1PeriphClockCmd   0x800'03b9  0x1c  Code  Gb  stm32f10x_rcc.o [1]
RCC_APB2PeriphClockCmd   0x800'039d  0x1c  Code  Gb  stm32f10x_rcc.o [1]
RCC_GetClocksFreq        0x800'02f1  0xac  Code  Gb  stm32f10x_rcc.o [1]
RCC_PCLK1Config          0x800'02e1  0x10  Code  Gb  stm32f10x_rcc.o [1]
Region$$Table$$Base      0x800'0f20         --   Gb  - Linker created -
Region$$Table$$Limit     0x800'0f44         --   Gb  - Linker created -
SVC_Handler              0x800'0d47   0x2  Code  Gb  stm32f10x_it.o [1]
SYSTICK_Delay_ms         0x800'0a1f  0x78  Code  Gb  systick.o [1]
SYSTICK_Delay_ms::t0    0x2000'0080   0x4  Data  Lc  systick.o [1]
SYSTICK_Delay_ms::t1    0x2000'0084   0x4  Data  Lc  systick.o [1]
SYSTICK_Get_Tick         0x800'0a19   0x6  Code  Gb  systick.o [1]
SYSTICK_Init             0x800'09fb  0x14  Code  Gb  systick.o [1]
SetSysClock              0x800'08d5   0x8  Code  Lc  system_stm32f10x.o [1]
SetSysClockTo72          0x800'08dd  0xae  Code  Lc  system_stm32f10x.o [1]
Softuart_Config          0x800'0401  0x82  Code  Gb  softuart.o [1]
Softuart_Gettick         0x800'03fb   0x6  Code  Gb  softuart.o [1]
Softuart_Handtick        0x800'03f1   0xa  Code  Gb  softuart.o [1]
Softuart_SendByte        0x800'0483  0xa6  Code  Gb  softuart.o [1]
Softuart_SendData        0x800'0531  0x24  Code  Gb  softuart.o [1]
SysTick_Config           0x800'09cd  0x2e  Code  Lc  systick.o [1]
SysTick_Handler          0x800'0a0f   0xa  Code  Gb  systick.o [1]
SystemCoreClock         0x2000'001c   0x4  Data  Gb  system_stm32f10x.o [1]
SystemInit               0x800'0891  0x44  Code  Gb  system_stm32f10x.o [1]
TIM2_IRQHandler          0x800'0d4f  0x20  Code  Gb  stm32f10x_it.o [1]
TIM_ClearITPendingBit    0x800'070b   0x8  Code  Gb  stm32f10x_tim.o [1]
TIM_Cmd                  0x800'06b3  0x1c  Code  Gb  stm32f10x_tim.o [1]
TIM_GetITStatus          0x800'06e7  0x24  Code  Gb  stm32f10x_tim.o [1]
TIM_ITConfig             0x800'06cf  0x18  Code  Gb  stm32f10x_tim.o [1]
TIM_TimeBaseInit         0x800'0621  0x92  Code  Gb  stm32f10x_tim.o [1]
UART_CallBackInit        0x800'0849  0x18  Code  Gb  uart.o [1]
UART_ClockInit           0x800'07b3  0x46  Code  Gb  uart.o [1]
UART_GetData             0x800'0875  0x1a  Code  Gb  uart.o [1]
UART_Init                0x800'07f9  0x50  Code  Gb  uart.o [1]
UART_PinInit             0x800'073d  0x76  Code  Gb  uart.o [1]
USART1_IRQHandler        0x800'0d6f  0x22  Code  Gb  stm32f10x_it.o [1]
USART2_IRQHandler        0x800'0d91  0x22  Code  Gb  stm32f10x_it.o [1]
USART_Cmd                0x800'01b1  0x1c  Code  Gb  stm32f10x_usart.o [1]
USART_GetFlagStatus      0x800'0229  0x1a  Code  Gb  stm32f10x_usart.o [1]
USART_GetITStatus        0x800'0243  0x64  Code  Gb  stm32f10x_usart.o [1]
USART_ITConfig           0x800'01cd  0x54  Code  Gb  stm32f10x_usart.o [1]
USART_Init               0x800'00ed  0xbc  Code  Gb  stm32f10x_usart.o [1]
USART_ReceiveData        0x800'0221   0x8  Code  Gb  stm32f10x_usart.o [1]
UsageFault_Handler       0x800'0d45   0x2  Code  Gb  stm32f10x_it.o [1]
XOR_Caculator            0x800'0c77  0x26  Code  Gb  xor.o [1]
__aeabi_memcpy           0x800'0abd        Code  Gb  ABImemcpy.o [3]
__aeabi_memcpy4          0x800'0add        Code  Gb  ABImemcpy.o [3]
__aeabi_memcpy8          0x800'0add        Code  Gb  ABImemcpy.o [3]
__cmain                  0x800'0f65        Code  Gb  cmain.o [3]
__exit                   0x800'0f99  0x14  Code  Gb  exit.o [4]
__iar_copy_init3         0x800'0ecd  0x2c  Code  Gb  copy_init3.o [3]
__iar_data_init3         0x800'0ef9  0x28  Code  Gb  data_init.o [3]
__iar_program_start      0x800'0fbd        Code  Gb  cstartup_M.o [3]
__iar_zero_init3         0x800'02a7  0x3a  Code  Gb  zero_init3.o [3]
__low_level_init         0x800'0f83   0x4  Code  Gb  low_level_init.o [2]
__vector_table           0x800'0000        Data  Gb  startup_stm32f10x_md.o [1]
_call_main               0x800'0f71        Code  Gb  cmain.o [3]
_exit                    0x800'0f8d        Code  Gb  cexit.o [3]
_main                    0x800'0f7f        Code  Gb  cmain.o [3]
bluetoothCommandBuff    0x2000'0020  0x14  Data  Gb  bluetooth.o [1]
bluetoothCommandQueue   0x2000'0048   0xc  Data  Gb  bluetooth.o [1]
buff                    0x2000'0000   0x8  Data  Gb  main.o [1]
exit                     0x800'0f87   0x4  Code  Gb  exit.o [2]
main                     0x800'0e99  0x34  Code  Gb  main.o [1]
memcpy                   0x800'0c9d   0xc  Code  Gb  memcpy.o [3]
powerCommandBuff        0x2000'0034  0x14  Data  Gb  power.o [1]
powerCommandQueue       0x2000'0060   0xc  Data  Gb  power.o [1]
tick                    0x2000'007c   0x4  Data  Lc  systick.o [1]
tickcount               0x2000'0078   0x4  Data  Lc  softuart.o [1]
type_Uart1CallBackFunc  0x2000'0088   0x4  Data  Gb  uart.o [1]
type_Uart2CallBackFunc  0x2000'008c   0x4  Data  Gb  uart.o [1]


[1] = D:\Project\NUVOTON\Project_Treadmill_Central\sport1\Project\Debug\Obj
[2] = dl7M_tln.a
[3] = rt7M_tl.a
[4] = shb_l.a

  4 180 bytes of readonly  code memory
     68 bytes of readonly  data memory
  2 194 bytes of readwrite data memory

Errors: none
Warnings: none
